Loading cineca-ai/4.3.0
  Loading requirement: cuda/12.1 nccl/2.19.1-1--gcc--12.2.0-cuda-12.1
    cudnn/8.9.7.29-12--gcc--12.2.0-cuda-12.1 gcc/12.2.0-binut2.41
    openmpi/4.1.6--gcc--12.2.0 bzip2/1.0.8-gp5wcz5 libmd/1.0.4-wja3f5q
    libbsd/0.11.7-cgxjopl expat/2.5.0-bptl3xw ncurses/6.4-asx3jea
    readline/8.2-nyw6mp6 gdbm/1.23-fs6otck libiconv/1.17-d7yvx2s
    xz/5.4.1-hubmwr5 zlib-ng/2.1.4-6htiapk libxml2/2.10.3-5eeeokp
    pigz/2.7-bopr5vp zstd/1.5.5-gawytfl tar/1.34-amqus5s gettext/0.22.3-2g7elif
    libffi/3.4.4-6r7brdq libxcrypt/4.4.35-ss2rzin sqlite/3.43.2
    util-linux-uuid/2.38.1-jkdi7kv python/3.11.6--gcc--8.5.0 cmake/3.27.7
    openjdk/11.0.20.1_1
launch with mpirun
Perf config: with_checkpoint=False, amp_dtype=bf16, compile_model=True, compile_backend=inductor, compile_mode=default, use_sdpa=True, sdpa_kernel=auto, disable_inductor_cudagraphs=False, ddp_static_graph=True, ddp_gradient_as_bucket_view=True, ddp_bucket_cap_mb=64, ddp_broadcast_buffers=False, disable_scheduler=True
TF32 enabled: True
SDPA kernel config: mode=auto, flash=True, mem_efficient=True, math=True
Inductor CUDA Graphs disabled: False (INDUCTOR_DISABLE_CUDAGRAPHS=0)
Getting TRACKING dataset (pixel coords)...
DATASET length: 4070
Creo il DistributedSampler con world_size 16 e rank 0
Sampler_train = <torch.utils.data.distributed.DistributedSampler object at 0x14bf56738b90>
Batch_size local: 16
Getting TRACKING dataset (pixel coords)...
[INFO][TrackingDataset] Dropped 3 rows with missing/non-finite coordinates from /leonardo/home/userexternal/ddarmien/Demetra/moduli/videomae/test_tracking_selezionati.csv (kept 156/159).
DATASET length: 156
Creo il DistributedSampler con world_size 16 e rank 0
Sampler_train = <torch.utils.data.distributed.DistributedSampler object at 0x14bf4dd59fd0>
Batch_size local: 16
Getting TRACKING dataset (pixel coords)...
[INFO][TrackingDataset] Dropped 1 rows with missing/non-finite coordinates from /leonardo/home/userexternal/ddarmien/Demetra/moduli/videomae/val_tracking_selezionati.csv (kept 190/191).
DATASET length: 190
Creo il DistributedSampler con world_size 16 e rank 0
Sampler_train = <torch.utils.data.distributed.DistributedSampler object at 0x14bf4dd5bb90>
Batch_size local: 16
[DATASET][train] rows=4070 | batches_per_rank=15 | paths=4070 | existing_dirs=4070 | dirs_with_frames=4070
[DATASET][test] rows=156 | batches_per_rank=1 | paths=156 | existing_dirs=156 | dirs_with_frames=156
[DATASET][val] rows=190 | batches_per_rank=1 | paths=190 | existing_dirs=190 | dirs_with_frames=190
Caricamento del checkpoint da: /leonardo_scratch/fast/IscrC_SAME-D/checkpoint_large_new.pth
Caricato state_dict con chiave: model
Detected MAE pretraining/specialization checkpoint layout; loading only encoder weights into finetuning backbone and ignoring decoder-only tensors.
Checkpoint load summary: mode=mae_encoder_to_finetune, loaded=316, missing=0, unexpected=58, shape_mismatch=0
Unexpected keys (first 20): ['mask_token', 'decoder.blocks.0.norm1.weight', 'decoder.blocks.0.norm1.bias', 'decoder.blocks.0.attn.q_bias', 'decoder.blocks.0.attn.v_bias', 'decoder.blocks.0.attn.qkv.weight', 'decoder.blocks.0.attn.proj.weight', 'decoder.blocks.0.attn.proj.bias', 'decoder.blocks.0.norm2.weight', 'decoder.blocks.0.norm2.bias', 'decoder.blocks.0.mlp.fc1.weight', 'decoder.blocks.0.mlp.fc1.bias', 'decoder.blocks.0.mlp.fc2.weight', 'decoder.blocks.0.mlp.fc2.bias', 'decoder.blocks.1.norm1.weight', 'decoder.blocks.1.norm1.bias', 'decoder.blocks.1.attn.q_bias', 'decoder.blocks.1.attn.v_bias', 'decoder.blocks.1.attn.qkv.weight', 'decoder.blocks.1.attn.proj.weight']
Checkpoint caricato con successo!
[WARN] torch.compile failed (backend=inductor, mode=default): cannot import name 'get_cuda_stream' from 'triton.runtime.jit' (/leonardo/home/userexternal/ddarmien/videomae/lib/python3.11/site-packages/triton/runtime/jit.py)
[WARN][TRACEBACK] torch.compile traceback completo:
Traceback (most recent call last):
  File "/leonardo/home/userexternal/ddarmien/Demetra/moduli/videomae/utils.py", line 782, in maybe_compile_model
    model = torch.compile(model, backend=compile_backend, mode=compile_mode)
            ^^^^^^^^^^^^^^^^^^^^^^^^^^^^^^^^^^^^^^^^^^^^^^^^^^^^^^^^^^^^^^^^
  File "/leonardo/prod/opt/libraries/cineca-ai/4.3.0/none/cineca-ai-env/lib/python3.11/site-packages/torch/__init__.py", line 1826, in compile
    return torch._dynamo.optimize(backend=backend, nopython=fullgraph, dynamic=dynamic, disable=disable)(model)
           ^^^^^^^^^^^^^^^^^^^^^^^^^^^^^^^^^^^^^^^^^^^^^^^^^^^^^^^^^^^^^^^^^^^^^^^^^^^^^^^^^^^^^^^^^^^^^
  File "/leonardo/prod/opt/libraries/cineca-ai/4.3.0/none/cineca-ai-env/lib/python3.11/site-packages/torch/_dynamo/eval_frame.py", line 782, in optimize
    compiler_config=backend.get_compiler_config()
                    ^^^^^^^^^^^^^^^^^^^^^^^^^^^^^
  File "/leonardo/prod/opt/libraries/cineca-ai/4.3.0/none/cineca-ai-env/lib/python3.11/site-packages/torch/__init__.py", line 1671, in get_compiler_config
    from torch._inductor.compile_fx import get_patched_config_dict
  File "/leonardo/prod/opt/libraries/cineca-ai/4.3.0/none/cineca-ai-env/lib/python3.11/site-packages/torch/_inductor/compile_fx.py", line 49, in <module>
    from .fx_passes.joint_graph import joint_graph_passes
  File "/leonardo/prod/opt/libraries/cineca-ai/4.3.0/none/cineca-ai-env/lib/python3.11/site-packages/torch/_inductor/fx_passes/joint_graph.py", line 12, in <module>
    from ..pattern_matcher import (
  File "/leonardo/prod/opt/libraries/cineca-ai/4.3.0/none/cineca-ai-env/lib/python3.11/site-packages/torch/_inductor/pattern_matcher.py", line 44, in <module>
    from .lowering import fallback_node_due_to_unsupported_type
  File "/leonardo/prod/opt/libraries/cineca-ai/4.3.0/none/cineca-ai-env/lib/python3.11/site-packages/torch/_inductor/lowering.py", line 5394, in <module>
    from . import kernel
  File "/leonardo/prod/opt/libraries/cineca-ai/4.3.0/none/cineca-ai-env/lib/python3.11/site-packages/torch/_inductor/kernel/__init__.py", line 1, in <module>
    from . import mm, mm_common, mm_plus_mm, unpack_mixed_mm
  File "/leonardo/prod/opt/libraries/cineca-ai/4.3.0/none/cineca-ai-env/lib/python3.11/site-packages/torch/_inductor/kernel/mm.py", line 8, in <module>
    from ..codegen.cuda.gemm_template import CUTLASSGemmTemplate
  File "/leonardo/prod/opt/libraries/cineca-ai/4.3.0/none/cineca-ai-env/lib/python3.11/site-packages/torch/_inductor/codegen/cuda/gemm_template.py", line 11, in <module>
    from .cuda_kernel import CUDATemplateKernel
  File "/leonardo/prod/opt/libraries/cineca-ai/4.3.0/none/cineca-ai-env/lib/python3.11/site-packages/torch/_inductor/codegen/cuda/cuda_kernel.py", line 7, in <module>
    from ...select_algorithm import ChoiceCaller
  File "/leonardo/prod/opt/libraries/cineca-ai/4.3.0/none/cineca-ai-env/lib/python3.11/site-packages/torch/_inductor/select_algorithm.py", line 24, in <module>
    from .codegen.triton import texpr, TritonKernel, TritonPrinter, TritonScheduling
  File "/leonardo/prod/opt/libraries/cineca-ai/4.3.0/none/cineca-ai-env/lib/python3.11/site-packages/torch/_inductor/codegen/triton.py", line 31, in <module>
    from ..triton_heuristics import AutotuneHint
  File "/leonardo/prod/opt/libraries/cineca-ai/4.3.0/none/cineca-ai-env/lib/python3.11/site-packages/torch/_inductor/triton_heuristics.py", line 54, in <module>
    from triton.runtime.jit import get_cuda_stream
ImportError: cannot import name 'get_cuda_stream' from 'triton.runtime.jit' (/leonardo/home/userexternal/ddarmien/videomae/lib/python3.11/site-packages/triton/runtime/jit.py)

[INFO] Continuing without torch.compile.
[INFO] Model built: vit_large_patch16_224 | Head: RegressionHead | Regression active: True
DDP kwargs: {'device_ids': [0], 'output_device': 0, 'find_unused_parameters': False, 'static_graph': True, 'gradient_as_bucket_view': True, 'bucket_cap_mb': 64, 'broadcast_buffers': False}
optimizer settings: {'lr': 0.0001, 'weight_decay': 0.0, 'eps': 1e-08, 'betas': [0.9, 0.95]}
[INFO] Tracking AMP config: amp_dtype=bf16, autocast_dtype=torch.bfloat16, scaler_enabled=False
[INFO] Learning-rate scheduler disabled: optimizer will use fixed lr.
start epoch0
Epoch: [0]  [ 0/15]  eta: 0:01:13  lr: 0.000100  loss: 13913.9941 (13913.9941)  time: 4.9135 (4.9135 -- 4.9135)  data: 2.3810 (2.3810 -- 2.3810)  max mem: 24760
Epoch: [0]  [14/15]  eta: 0:00:00  lr: 0.000100  loss: 13913.9941 (13695.0051)  time: 0.7755 (0.2932 -- 4.9135)  data: 0.1588 (0.0001 -- 2.3810)  max mem: 27087
Epoch: [0] Total time: 0:00:11 (0.7756 s / it)
train step
Test:  [0/1]  eta: 0:00:01  loss: 6683.2280 (6683.2280)  geo_km: 380.2033 (380.2034)  time: 1.2703 (1.2703 -- 1.2703)  data: 0.7357 (0.7357 -- 0.7357)  max mem: 27087
Test: Total time: 0:00:01 (1.2711 s / it)
Test:  [0/1]  eta: 0:00:01  loss: 13021.8896 (13021.8896)  geo_km: 615.6989 (615.6988)  time: 1.2894 (1.2894 -- 1.2894)  data: 0.8566 (0.8566 -- 0.8566)  max mem: 27087
Test: Total time: 0:00:01 (1.2900 s / it)
eval step
start epoch1
Epoch: [1]  [ 0/15]  eta: 0:00:26  lr: 0.000100  loss: 14529.0479 (14529.0479)  time: 1.7416 (1.7416 -- 1.7416)  data: 1.4317 (1.4317 -- 1.4317)  max mem: 27087
Epoch: [1]  [14/15]  eta: 0:00:00  lr: 0.000100  loss: 11792.0146 (12065.2285)  time: 0.5965 (0.4861 -- 1.7416)  data: 0.1293 (0.0000 -- 1.4317)  max mem: 27087
Epoch: [1] Total time: 0:00:08 (0.5965 s / it)
train step
Test:  [0/1]  eta: 0:00:00  loss: 6470.4121 (6470.4121)  geo_km: 371.5770 (371.5770)  time: 0.6578 (0.6578 -- 0.6578)  data: 0.5612 (0.5612 -- 0.5612)  max mem: 27087
Test: Total time: 0:00:00 (0.6583 s / it)
Test:  [0/1]  eta: 0:00:00  loss: 12695.4512 (12695.4512)  geo_km: 607.6521 (607.6521)  time: 0.7493 (0.7493 -- 0.7493)  data: 0.6342 (0.6342 -- 0.6342)  max mem: 27087
Test: Total time: 0:00:00 (0.7500 s / it)
eval step
start epoch2
Epoch: [2]  [ 0/15]  eta: 0:00:31  lr: 0.000100  loss: 10734.5410 (10734.5410)  time: 2.0901 (2.0901 -- 2.0901)  data: 1.7799 (1.7799 -- 1.7799)  max mem: 27087
Epoch: [2]  [14/15]  eta: 0:00:00  lr: 0.000100  loss: 11298.6680 (11040.2347)  time: 0.6049 (0.4853 -- 2.0901)  data: 0.1188 (0.0000 -- 1.7799)  max mem: 27087
Epoch: [2] Total time: 0:00:09 (0.6050 s / it)
train step
Test:  [0/1]  eta: 0:00:00  loss: 6286.0171 (6286.0171)  geo_km: 365.7085 (365.7085)  time: 0.6456 (0.6456 -- 0.6456)  data: 0.5490 (0.5490 -- 0.5490)  max mem: 27087
Test: Total time: 0:00:00 (0.6461 s / it)
Test:  [0/1]  eta: 0:00:00  loss: 12409.5186 (12409.5186)  geo_km: 601.2054 (601.2054)  time: 0.7426 (0.7426 -- 0.7426)  data: 0.6274 (0.6274 -- 0.6274)  max mem: 27087
Test: Total time: 0:00:00 (0.7431 s / it)
eval step
start epoch3
Epoch: [3]  [ 0/15]  eta: 0:00:24  lr: 0.000100  loss: 11104.2891 (11104.2891)  time: 1.6381 (1.6381 -- 1.6381)  data: 1.3397 (1.3397 -- 1.3397)  max mem: 27087
Epoch: [3]  [14/15]  eta: 0:00:00  lr: 0.000100  loss: 11155.8623 (10992.9085)  time: 0.6079 (0.4866 -- 1.6381)  data: 0.0894 (0.0000 -- 1.3397)  max mem: 27087
Epoch: [3] Total time: 0:00:09 (0.6080 s / it)
train step
Test:  [0/1]  eta: 0:00:00  loss: 6106.3901 (6106.3901)  geo_km: 360.3499 (360.3499)  time: 0.6514 (0.6514 -- 0.6514)  data: 0.5547 (0.5547 -- 0.5547)  max mem: 27087
Test: Total time: 0:00:00 (0.6518 s / it)
Test:  [0/1]  eta: 0:00:00  loss: 12110.1904 (12110.1904)  geo_km: 594.4295 (594.4295)  time: 0.7561 (0.7561 -- 0.7561)  data: 0.6409 (0.6409 -- 0.6409)  max mem: 27087
Test: Total time: 0:00:00 (0.7566 s / it)
eval step
start epoch4
Epoch: [4]  [ 0/15]  eta: 0:00:26  lr: 0.000100  loss: 14542.7949 (14542.7949)  time: 1.7730 (1.7730 -- 1.7730)  data: 1.4790 (1.4790 -- 1.4790)  max mem: 27087
Epoch: [4]  [14/15]  eta: 0:00:00  lr: 0.000100  loss: 11365.9336 (11031.8101)  time: 0.5810 (0.4864 -- 1.7730)  data: 0.0987 (0.0000 -- 1.4790)  max mem: 27087
Epoch: [4] Total time: 0:00:08 (0.5811 s / it)
train step
Test:  [0/1]  eta: 0:00:00  loss: 5877.2393 (5877.2393)  geo_km: 348.2373 (348.2373)  time: 0.6471 (0.6471 -- 0.6471)  data: 0.5505 (0.5505 -- 0.5505)  max mem: 27087
Test: Total time: 0:00:00 (0.6475 s / it)
Test:  [0/1]  eta: 0:00:00  loss: 11768.4766 (11768.4766)  geo_km: 582.7463 (582.7464)  time: 0.7386 (0.7386 -- 0.7386)  data: 0.6234 (0.6234 -- 0.6234)  max mem: 27087
Test: Total time: 0:00:00 (0.7391 s / it)
eval step
start epoch5
Epoch: [5]  [ 0/15]  eta: 0:00:21  lr: 0.000100  loss: 8273.6250 (8273.6250)  time: 1.4653 (1.4653 -- 1.4653)  data: 1.1649 (1.1649 -- 1.1649)  max mem: 27087
Epoch: [5]  [14/15]  eta: 0:00:00  lr: 0.000100  loss: 10708.7500 (10971.9819)  time: 0.5690 (0.4864 -- 1.4653)  data: 0.0778 (0.0000 -- 1.1649)  max mem: 27087
Epoch: [5] Total time: 0:00:08 (0.5691 s / it)
train step
Test:  [0/1]  eta: 0:00:00  loss: 5688.8882 (5688.8882)  geo_km: 339.9003 (339.9003)  time: 0.6480 (0.6480 -- 0.6480)  data: 0.5513 (0.5513 -- 0.5513)  max mem: 27087
Test: Total time: 0:00:00 (0.6484 s / it)
Test:  [0/1]  eta: 0:00:00  loss: 11471.9414 (11471.9414)  geo_km: 574.5418 (574.5418)  time: 0.7394 (0.7394 -- 0.7394)  data: 0.6241 (0.6241 -- 0.6241)  max mem: 27087
Test: Total time: 0:00:00 (0.7399 s / it)
eval step
start epoch6
Epoch: [6]  [ 0/15]  eta: 0:00:20  lr: 0.000100  loss: 8405.4336 (8405.4336)  time: 1.3889 (1.3889 -- 1.3889)  data: 1.0901 (1.0901 -- 1.0901)  max mem: 27087
Epoch: [6]  [14/15]  eta: 0:00:00  lr: 0.000100  loss: 10943.8008 (10658.8305)  time: 0.5770 (0.4867 -- 1.3889)  data: 0.0728 (0.0001 -- 1.0901)  max mem: 27087
Epoch: [6] Total time: 0:00:08 (0.5770 s / it)
train step
Test:  [0/1]  eta: 0:00:00  loss: 5509.4360 (5509.4360)  geo_km: 333.5943 (333.5943)  time: 0.6499 (0.6499 -- 0.6499)  data: 0.5533 (0.5533 -- 0.5533)  max mem: 27087
Test: Total time: 0:00:00 (0.6503 s / it)
Test:  [0/1]  eta: 0:00:00  loss: 11183.9199 (11183.9199)  geo_km: 567.1047 (567.1047)  time: 0.7380 (0.7380 -- 0.7380)  data: 0.6227 (0.6227 -- 0.6227)  max mem: 27087
Test: Total time: 0:00:00 (0.7386 s / it)
eval step
start epoch7
Epoch: [7]  [ 0/15]  eta: 0:00:22  lr: 0.000100  loss: 9244.9902 (9244.9902)  time: 1.5207 (1.5207 -- 1.5207)  data: 1.2260 (1.2260 -- 1.2260)  max mem: 27087
Epoch: [7]  [14/15]  eta: 0:00:00  lr: 0.000100  loss: 10923.4951 (10413.2463)  time: 0.5716 (0.4823 -- 1.5207)  data: 0.0844 (0.0000 -- 1.2260)  max mem: 27087
Epoch: [7] Total time: 0:00:08 (0.5717 s / it)
train step
Test:  [0/1]  eta: 0:00:00  loss: 5335.5522 (5335.5522)  geo_km: 325.7775 (325.7775)  time: 0.6451 (0.6451 -- 0.6451)  data: 0.5485 (0.5485 -- 0.5485)  max mem: 27087
Test: Total time: 0:00:00 (0.6455 s / it)
Test:  [0/1]  eta: 0:00:00  loss: 10905.3223 (10905.3223)  geo_km: 557.7662 (557.7662)  time: 0.7341 (0.7341 -- 0.7341)  data: 0.6187 (0.6187 -- 0.6187)  max mem: 27087
Test: Total time: 0:00:00 (0.7346 s / it)
eval step
start epoch8
Epoch: [8]  [ 0/15]  eta: 0:00:25  lr: 0.000100  loss: 12354.3711 (12354.3711)  time: 1.6673 (1.6673 -- 1.6673)  data: 1.3681 (1.3681 -- 1.3681)  max mem: 27087
Epoch: [8]  [14/15]  eta: 0:00:00  lr: 0.000100  loss: 9901.4141 (9973.2491)  time: 0.6050 (0.4860 -- 1.6673)  data: 0.0914 (0.0000 -- 1.3681)  max mem: 27087
Epoch: [8] Total time: 0:00:09 (0.6050 s / it)
train step
Test:  [0/1]  eta: 0:00:00  loss: 5151.5127 (5151.5127)  geo_km: 319.1094 (319.1094)  time: 0.6904 (0.6904 -- 0.6904)  data: 0.5938 (0.5938 -- 0.5938)  max mem: 27087
Test: Total time: 0:00:00 (0.6909 s / it)
Test:  [0/1]  eta: 0:00:00  loss: 10610.6641 (10610.6641)  geo_km: 551.1155 (551.1155)  time: 0.7340 (0.7340 -- 0.7340)  data: 0.6187 (0.6187 -- 0.6187)  max mem: 27087
Test: Total time: 0:00:00 (0.7345 s / it)
eval step
start epoch9
Epoch: [9]  [ 0/15]  eta: 0:00:25  lr: 0.000100  loss: 7888.8721 (7888.8721)  time: 1.7055 (1.7055 -- 1.7055)  data: 1.4007 (1.4007 -- 1.4007)  max mem: 27087
Epoch: [9]  [14/15]  eta: 0:00:00  lr: 0.000100  loss: 10446.4121 (10502.6426)  time: 0.5918 (0.4866 -- 1.7055)  data: 0.0956 (0.0000 -- 1.4007)  max mem: 27087
Epoch: [9] Total time: 0:00:08 (0.5919 s / it)
train step
Test:  [0/1]  eta: 0:00:00  loss: 4974.8774 (4974.8774)  geo_km: 312.4131 (312.4131)  time: 0.6467 (0.6467 -- 0.6467)  data: 0.5501 (0.5501 -- 0.5501)  max mem: 27087
Test: Total time: 0:00:00 (0.6471 s / it)
Test:  [0/1]  eta: 0:00:00  loss: 10317.7949 (10317.7949)  geo_km: 543.0057 (543.0057)  time: 0.7379 (0.7379 -- 0.7379)  data: 0.6225 (0.6225 -- 0.6225)  max mem: 27087
Test: Total time: 0:00:00 (0.7384 s / it)
eval step
start epoch10
Epoch: [10]  [ 0/15]  eta: 0:00:28  lr: 0.000100  loss: 9687.0957 (9687.0957)  time: 1.8867 (1.8867 -- 1.8867)  data: 1.5877 (1.5877 -- 1.5877)  max mem: 27087
Epoch: [10]  [14/15]  eta: 0:00:00  lr: 0.000100  loss: 9726.2275 (9550.8370)  time: 0.6105 (0.4868 -- 1.8867)  data: 0.1060 (0.0000 -- 1.5877)  max mem: 27087
Epoch: [10] Total time: 0:00:09 (0.6106 s / it)
train step
Test:  [0/1]  eta: 0:00:00  loss: 4800.4155 (4800.4155)  geo_km: 304.1703 (304.1703)  time: 0.6484 (0.6484 -- 0.6484)  data: 0.5518 (0.5518 -- 0.5518)  max mem: 27087
Test: Total time: 0:00:00 (0.6488 s / it)
Test:  [0/1]  eta: 0:00:00  loss: 10038.2852 (10038.2852)  geo_km: 534.0213 (534.0213)  time: 0.7413 (0.7413 -- 0.7413)  data: 0.6260 (0.6260 -- 0.6260)  max mem: 27087
Test: Total time: 0:00:00 (0.7418 s / it)
eval step
start epoch11
Epoch: [11]  [ 0/15]  eta: 0:00:24  lr: 0.000100  loss: 8598.7246 (8598.7246)  time: 1.6559 (1.6559 -- 1.6559)  data: 1.3556 (1.3556 -- 1.3556)  max mem: 27087
Epoch: [11]  [14/15]  eta: 0:00:00  lr: 0.000100  loss: 8179.9014 (8798.0874)  time: 0.6036 (0.4812 -- 1.6559)  data: 0.0905 (0.0000 -- 1.3556)  max mem: 27087
Epoch: [11] Total time: 0:00:09 (0.6037 s / it)
train step
Test:  [0/1]  eta: 0:00:00  loss: 4628.0596 (4628.0596)  geo_km: 299.0980 (299.0980)  time: 0.6573 (0.6573 -- 0.6573)  data: 0.5607 (0.5607 -- 0.5607)  max mem: 27087
Test: Total time: 0:00:00 (0.6577 s / it)
Test:  [0/1]  eta: 0:00:00  loss: 9753.2012 (9753.2012)  geo_km: 527.0025 (527.0025)  time: 0.7436 (0.7436 -- 0.7436)  data: 0.6283 (0.6283 -- 0.6283)  max mem: 27087
Test: Total time: 0:00:00 (0.7441 s / it)
eval step
start epoch12
Epoch: [12]  [ 0/15]  eta: 0:00:21  lr: 0.000100  loss: 7724.0708 (7724.0708)  time: 1.4652 (1.4652 -- 1.4652)  data: 1.1653 (1.1653 -- 1.1653)  max mem: 27087
Epoch: [12]  [14/15]  eta: 0:00:00  lr: 0.000100  loss: 8877.9492 (8927.5031)  time: 0.5912 (0.4865 -- 1.4652)  data: 0.0778 (0.0000 -- 1.1653)  max mem: 27087
Epoch: [12] Total time: 0:00:08 (0.5913 s / it)
train step
Test:  [0/1]  eta: 0:00:00  loss: 4464.1147 (4464.1147)  geo_km: 291.5688 (291.5688)  time: 0.6315 (0.6315 -- 0.6315)  data: 0.5348 (0.5348 -- 0.5348)  max mem: 27087
Test: Total time: 0:00:00 (0.6319 s / it)
Test:  [0/1]  eta: 0:00:00  loss: 9472.6113 (9472.6113)  geo_km: 518.3066 (518.3066)  time: 0.7442 (0.7442 -- 0.7442)  data: 0.6288 (0.6288 -- 0.6288)  max mem: 27087
Test: Total time: 0:00:00 (0.7447 s / it)
eval step
start epoch13
Epoch: [13]  [ 0/15]  eta: 0:00:28  lr: 0.000100  loss: 11869.8301 (11869.8301)  time: 1.9217 (1.9217 -- 1.9217)  data: 1.6279 (1.6279 -- 1.6279)  max mem: 27087
Epoch: [13]  [14/15]  eta: 0:00:00  lr: 0.000100  loss: 8886.7852 (9183.0890)  time: 0.5898 (0.4860 -- 1.9217)  data: 0.1140 (0.0000 -- 1.6279)  max mem: 27087
Epoch: [13] Total time: 0:00:08 (0.5898 s / it)
train step
Test:  [0/1]  eta: 0:00:00  loss: 4295.6768 (4295.6768)  geo_km: 283.9193 (283.9193)  time: 0.6463 (0.6463 -- 0.6463)  data: 0.5497 (0.5497 -- 0.5497)  max mem: 27087
Test: Total time: 0:00:00 (0.6467 s / it)
Test:  [0/1]  eta: 0:00:00  loss: 9192.8047 (9192.8047)  geo_km: 510.6245 (510.6245)  time: 0.7464 (0.7464 -- 0.7464)  data: 0.6310 (0.6310 -- 0.6310)  max mem: 27087
Test: Total time: 0:00:00 (0.7469 s / it)
eval step
start epoch14
Epoch: [14]  [ 0/15]  eta: 0:00:25  lr: 0.000100  loss: 6812.0352 (6812.0352)  time: 1.6730 (1.6730 -- 1.6730)  data: 1.3783 (1.3783 -- 1.3783)  max mem: 27087
Epoch: [14]  [14/15]  eta: 0:00:00  lr: 0.000100  loss: 8879.6484 (8975.4847)  time: 0.5752 (0.4864 -- 1.6730)  data: 0.0920 (0.0000 -- 1.3783)  max mem: 27087
Epoch: [14] Total time: 0:00:08 (0.5752 s / it)
train step
Test:  [0/1]  eta: 0:00:00  loss: 4131.5454 (4131.5454)  geo_km: 275.7484 (275.7483)  time: 0.6292 (0.6292 -- 0.6292)  data: 0.5318 (0.5318 -- 0.5318)  max mem: 27087
Test: Total time: 0:00:00 (0.6297 s / it)
Test:  [0/1]  eta: 0:00:00  loss: 8913.3711 (8913.3711)  geo_km: 501.8383 (501.8383)  time: 0.7299 (0.7299 -- 0.7299)  data: 0.6146 (0.6146 -- 0.6146)  max mem: 27087
Test: Total time: 0:00:00 (0.7304 s / it)
eval step
start epoch15
Epoch: [15]  [ 0/15]  eta: 0:00:30  lr: 0.000100  loss: 10544.7598 (10544.7598)  time: 2.0448 (2.0448 -- 2.0448)  data: 1.7511 (1.7511 -- 1.7511)  max mem: 27087
Epoch: [15]  [14/15]  eta: 0:00:00  lr: 0.000100  loss: 8527.1035 (8797.5661)  time: 0.5934 (0.4863 -- 2.0448)  data: 0.1168 (0.0000 -- 1.7511)  max mem: 27087
Epoch: [15] Total time: 0:00:08 (0.5935 s / it)
train step
Test:  [0/1]  eta: 0:00:00  loss: 3986.8384 (3986.8384)  geo_km: 272.1523 (272.1523)  time: 0.6259 (0.6259 -- 0.6259)  data: 0.5290 (0.5290 -- 0.5290)  max mem: 27087
Test: Total time: 0:00:00 (0.6263 s / it)
Test:  [0/1]  eta: 0:00:00  loss: 8640.4785 (8640.4785)  geo_km: 493.1228 (493.1228)  time: 0.7420 (0.7420 -- 0.7420)  data: 0.6267 (0.6267 -- 0.6267)  max mem: 27087
Test: Total time: 0:00:00 (0.7426 s / it)
eval step
start epoch16
Epoch: [16]  [ 0/15]  eta: 0:00:24  lr: 0.000100  loss: 8432.9844 (8432.9844)  time: 1.6431 (1.6431 -- 1.6431)  data: 1.3447 (1.3447 -- 1.3447)  max mem: 27087
Epoch: [16]  [14/15]  eta: 0:00:00  lr: 0.000100  loss: 8044.6523 (8185.3340)  time: 0.5728 (0.4861 -- 1.6431)  data: 0.0898 (0.0000 -- 1.3447)  max mem: 27087
Epoch: [16] Total time: 0:00:08 (0.5729 s / it)
train step
Test:  [0/1]  eta: 0:00:00  loss: 3823.0696 (3823.0696)  geo_km: 264.1493 (264.1493)  time: 0.6276 (0.6276 -- 0.6276)  data: 0.5309 (0.5309 -- 0.5309)  max mem: 27087
Test: Total time: 0:00:00 (0.6281 s / it)
Test:  [0/1]  eta: 0:00:00  loss: 8375.9951 (8375.9951)  geo_km: 485.1452 (485.1452)  time: 0.7453 (0.7453 -- 0.7453)  data: 0.6300 (0.6300 -- 0.6300)  max mem: 27087
Test: Total time: 0:00:00 (0.7458 s / it)
eval step
start epoch17
Epoch: [17]  [ 0/15]  eta: 0:00:19  lr: 0.000100  loss: 7292.6562 (7292.6562)  time: 1.2998 (1.2998 -- 1.2998)  data: 0.9989 (0.9989 -- 0.9989)  max mem: 27087
Epoch: [17]  [14/15]  eta: 0:00:00  lr: 0.000100  loss: 7292.6562 (7564.8201)  time: 0.5828 (0.4863 -- 1.2998)  data: 0.0667 (0.0000 -- 0.9989)  max mem: 27087
Epoch: [17] Total time: 0:00:08 (0.5829 s / it)
train step
Test:  [0/1]  eta: 0:00:00  loss: 3692.1658 (3692.1658)  geo_km: 259.8439 (259.8439)  time: 0.6312 (0.6312 -- 0.6312)  data: 0.5342 (0.5342 -- 0.5342)  max mem: 27087
Test: Total time: 0:00:00 (0.6316 s / it)
Test:  [0/1]  eta: 0:00:00  loss: 8108.1616 (8108.1616)  geo_km: 476.6807 (476.6807)  time: 0.7468 (0.7468 -- 0.7468)  data: 0.6315 (0.6315 -- 0.6315)  max mem: 27087
Test: Total time: 0:00:00 (0.7473 s / it)
eval step
start epoch18
Epoch: [18]  [ 0/15]  eta: 0:00:24  lr: 0.000100  loss: 9245.6738 (9245.6738)  time: 1.6291 (1.6291 -- 1.6291)  data: 1.3300 (1.3300 -- 1.3300)  max mem: 27087
Epoch: [18]  [14/15]  eta: 0:00:00  lr: 0.000100  loss: 7040.2236 (7108.4071)  time: 0.5849 (0.4859 -- 1.6291)  data: 0.1056 (0.0000 -- 1.3300)  max mem: 27087
Epoch: [18] Total time: 0:00:08 (0.5849 s / it)
train step
Test:  [0/1]  eta: 0:00:00  loss: 3533.6914 (3533.6914)  geo_km: 251.0405 (251.0405)  time: 0.6415 (0.6415 -- 0.6415)  data: 0.5437 (0.5437 -- 0.5437)  max mem: 27087
Test: Total time: 0:00:00 (0.6419 s / it)
Test:  [0/1]  eta: 0:00:00  loss: 7834.1719 (7834.1719)  geo_km: 468.1179 (468.1179)  time: 0.7463 (0.7463 -- 0.7463)  data: 0.6311 (0.6311 -- 0.6311)  max mem: 27087
Test: Total time: 0:00:00 (0.7468 s / it)
eval step
start epoch19
Epoch: [19]  [ 0/15]  eta: 0:00:20  lr: 0.000100  loss: 6901.5332 (6901.5332)  time: 1.3895 (1.3895 -- 1.3895)  data: 1.0891 (1.0891 -- 1.0891)  max mem: 27087
Epoch: [19]  [14/15]  eta: 0:00:00  lr: 0.000100  loss: 6722.7036 (6583.5326)  time: 0.5613 (0.4865 -- 1.3895)  data: 0.0807 (0.0001 -- 1.0891)  max mem: 27087
Epoch: [19] Total time: 0:00:08 (0.5614 s / it)
train step
Test:  [0/1]  eta: 0:00:00  loss: 3387.6321 (3387.6321)  geo_km: 244.7671 (244.7671)  time: 0.6393 (0.6393 -- 0.6393)  data: 0.5415 (0.5415 -- 0.5415)  max mem: 27087
Test: Total time: 0:00:00 (0.6398 s / it)
Test:  [0/1]  eta: 0:00:00  loss: 7578.2607 (7578.2607)  geo_km: 460.4012 (460.4012)  time: 0.7436 (0.7436 -- 0.7436)  data: 0.6283 (0.6283 -- 0.6283)  max mem: 27087
Test: Total time: 0:00:00 (0.7441 s / it)
eval step
start epoch20
Epoch: [20]  [ 0/15]  eta: 0:00:18  lr: 0.000100  loss: 9570.8340 (9570.8340)  time: 1.2300 (1.2300 -- 1.2300)  data: 0.9294 (0.9294 -- 0.9294)  max mem: 27087
Epoch: [20]  [14/15]  eta: 0:00:00  lr: 0.000100  loss: 7453.1641 (7625.3437)  time: 0.6023 (0.4860 -- 1.2300)  data: 0.0747 (0.0000 -- 0.9294)  max mem: 27087
Epoch: [20] Total time: 0:00:09 (0.6024 s / it)
train step
Test:  [0/1]  eta: 0:00:00  loss: 3244.0352 (3244.0352)  geo_km: 237.7071 (237.7071)  time: 0.6346 (0.6346 -- 0.6346)  data: 0.5378 (0.5378 -- 0.5378)  max mem: 27087
Test: Total time: 0:00:00 (0.6351 s / it)
Test:  [0/1]  eta: 0:00:00  loss: 7315.3438 (7315.3438)  geo_km: 451.1081 (451.1081)  time: 0.7357 (0.7357 -- 0.7357)  data: 0.6203 (0.6203 -- 0.6203)  max mem: 27087
Test: Total time: 0:00:00 (0.7361 s / it)
eval step
start epoch21
Epoch: [21]  [ 0/15]  eta: 0:00:22  lr: 0.000100  loss: 8005.7627 (8005.7627)  time: 1.4845 (1.4845 -- 1.4845)  data: 1.1851 (1.1851 -- 1.1851)  max mem: 27087
Epoch: [21]  [14/15]  eta: 0:00:00  lr: 0.000100  loss: 6800.0723 (6970.4437)  time: 0.5657 (0.4861 -- 1.4845)  data: 0.0791 (0.0000 -- 1.1851)  max mem: 27087
Epoch: [21] Total time: 0:00:08 (0.5658 s / it)
train step
Test:  [0/1]  eta: 0:00:00  loss: 3100.6384 (3100.6384)  geo_km: 231.7912 (231.7912)  time: 0.6383 (0.6383 -- 0.6383)  data: 0.5408 (0.5408 -- 0.5408)  max mem: 27087
Test: Total time: 0:00:00 (0.6388 s / it)
Test:  [0/1]  eta: 0:00:00  loss: 7064.7734 (7064.7734)  geo_km: 442.5775 (442.5775)  time: 0.7464 (0.7464 -- 0.7464)  data: 0.6311 (0.6311 -- 0.6311)  max mem: 27087
Test: Total time: 0:00:00 (0.7469 s / it)
eval step
[INFO] Best checkpoint saved at /leonardo/home/userexternal/ddarmien/Demetra/moduli/videomae/output/checkpoint-tracking-best.pth
start epoch22
Epoch: [22]  [ 0/15]  eta: 0:00:25  lr: 0.000100  loss: 6485.3247 (6485.3247)  time: 1.7059 (1.7059 -- 1.7059)  data: 1.3907 (1.3907 -- 1.3907)  max mem: 27087
Epoch: [22]  [14/15]  eta: 0:00:00  lr: 0.000100  loss: 6996.0312 (6805.3187)  time: 0.5751 (0.4865 -- 1.7059)  data: 0.0928 (0.0000 -- 1.3907)  max mem: 27087
Epoch: [22] Total time: 0:00:08 (0.5752 s / it)
train step
Test:  [0/1]  eta: 0:00:00  loss: 2977.2976 (2977.2976)  geo_km: 227.6577 (227.6576)  time: 0.6506 (0.6506 -- 0.6506)  data: 0.5539 (0.5539 -- 0.5539)  max mem: 27087
Test: Total time: 0:00:00 (0.6510 s / it)
Test:  [0/1]  eta: 0:00:00  loss: 6818.2061 (6818.2061)  geo_km: 433.8785 (433.8785)  time: 0.7475 (0.7475 -- 0.7475)  data: 0.6322 (0.6322 -- 0.6322)  max mem: 27087
Test: Total time: 0:00:00 (0.7480 s / it)
eval step
[INFO] Best checkpoint saved at /leonardo/home/userexternal/ddarmien/Demetra/moduli/videomae/output/checkpoint-tracking-best.pth
start epoch23
Epoch: [23]  [ 0/15]  eta: 0:00:25  lr: 0.000100  loss: 7505.2012 (7505.2012)  time: 1.7167 (1.7167 -- 1.7167)  data: 1.4046 (1.4046 -- 1.4046)  max mem: 27087
Epoch: [23]  [14/15]  eta: 0:00:00  lr: 0.000100  loss: 6306.5645 (6277.9840)  time: 0.5694 (0.4801 -- 1.7167)  data: 0.0939 (0.0000 -- 1.4046)  max mem: 27087
Epoch: [23] Total time: 0:00:08 (0.5695 s / it)
train step
Test:  [0/1]  eta: 0:00:00  loss: 2840.7375 (2840.7375)  geo_km: 219.8568 (219.8568)  time: 0.6403 (0.6403 -- 0.6403)  data: 0.5426 (0.5426 -- 0.5426)  max mem: 27087
Test: Total time: 0:00:00 (0.6407 s / it)
Test:  [0/1]  eta: 0:00:00  loss: 6570.9976 (6570.9976)  geo_km: 425.6333 (425.6333)  time: 0.7546 (0.7546 -- 0.7546)  data: 0.6392 (0.6392 -- 0.6392)  max mem: 27087
Test: Total time: 0:00:00 (0.7551 s / it)
eval step
[INFO] Best checkpoint saved at /leonardo/home/userexternal/ddarmien/Demetra/moduli/videomae/output/checkpoint-tracking-best.pth
start epoch24
Epoch: [24]  [ 0/15]  eta: 0:00:21  lr: 0.000100  loss: 6089.9668 (6089.9668)  time: 1.4144 (1.4144 -- 1.4144)  data: 1.1043 (1.1043 -- 1.1043)  max mem: 27087
Epoch: [24]  [14/15]  eta: 0:00:00  lr: 0.000100  loss: 6742.8242 (6599.6171)  time: 0.5492 (0.4441 -- 1.4144)  data: 0.0738 (0.0000 -- 1.1043)  max mem: 27087
Epoch: [24] Total time: 0:00:08 (0.5493 s / it)
train step
Test:  [0/1]  eta: 0:00:00  loss: 2734.8032 (2734.8032)  geo_km: 217.3501 (217.3501)  time: 0.6451 (0.6451 -- 0.6451)  data: 0.5480 (0.5480 -- 0.5480)  max mem: 27087
Test: Total time: 0:00:00 (0.6456 s / it)
Test:  [0/1]  eta: 0:00:00  loss: 6335.1748 (6335.1748)  geo_km: 417.4488 (417.4488)  time: 0.7502 (0.7502 -- 0.7502)  data: 0.6349 (0.6349 -- 0.6349)  max mem: 27087
Test: Total time: 0:00:00 (0.7507 s / it)
eval step
[INFO] Best checkpoint saved at /leonardo/home/userexternal/ddarmien/Demetra/moduli/videomae/output/checkpoint-tracking-best.pth
start epoch25
Epoch: [25]  [ 0/15]  eta: 0:00:22  lr: 0.000100  loss: 6592.0957 (6592.0957)  time: 1.5051 (1.5051 -- 1.5051)  data: 1.2029 (1.2029 -- 1.2029)  max mem: 27087
Epoch: [25]  [14/15]  eta: 0:00:00  lr: 0.000100  loss: 5983.4551 (5886.4903)  time: 0.5562 (0.4452 -- 1.5051)  data: 0.0803 (0.0000 -- 1.2029)  max mem: 27087
Epoch: [25] Total time: 0:00:08 (0.5563 s / it)
train step
Test:  [0/1]  eta: 0:00:00  loss: 2617.2344 (2617.2344)  geo_km: 211.7986 (211.7986)  time: 0.6377 (0.6377 -- 0.6377)  data: 0.5409 (0.5409 -- 0.5409)  max mem: 27087
Test: Total time: 0:00:00 (0.6381 s / it)
Test:  [0/1]  eta: 0:00:00  loss: 6098.2397 (6098.2397)  geo_km: 408.9807 (408.9807)  time: 0.7529 (0.7529 -- 0.7529)  data: 0.6376 (0.6376 -- 0.6376)  max mem: 27087
Test: Total time: 0:00:00 (0.7534 s / it)
eval step
[INFO] Best checkpoint saved at /leonardo/home/userexternal/ddarmien/Demetra/moduli/videomae/output/checkpoint-tracking-best.pth
start epoch26
Epoch: [26]  [ 0/15]  eta: 0:00:22  lr: 0.000100  loss: 5965.0474 (5965.0474)  time: 1.4896 (1.4896 -- 1.4896)  data: 1.1767 (1.1767 -- 1.1767)  max mem: 27087
Epoch: [26]  [14/15]  eta: 0:00:00  lr: 0.000100  loss: 5965.0474 (5914.2307)  time: 0.5546 (0.4367 -- 1.4896)  data: 0.0785 (0.0000 -- 1.1767)  max mem: 27087
Epoch: [26] Total time: 0:00:08 (0.5546 s / it)
train step
Test:  [0/1]  eta: 0:00:00  loss: 2496.5906 (2496.5906)  geo_km: 206.0154 (206.0154)  time: 0.6399 (0.6399 -- 0.6399)  data: 0.5431 (0.5431 -- 0.5431)  max mem: 27087
Test: Total time: 0:00:00 (0.6404 s / it)
Test:  [0/1]  eta: 0:00:00  loss: 5864.3594 (5864.3594)  geo_km: 399.8511 (399.8511)  time: 0.7461 (0.7461 -- 0.7461)  data: 0.6308 (0.6308 -- 0.6308)  max mem: 27087
Test: Total time: 0:00:00 (0.7466 s / it)
eval step
[INFO] Best checkpoint saved at /leonardo/home/userexternal/ddarmien/Demetra/moduli/videomae/output/checkpoint-tracking-best.pth
start epoch27
Epoch: [27]  [ 0/15]  eta: 0:00:19  lr: 0.000100  loss: 5397.7402 (5397.7402)  time: 1.3041 (1.3041 -- 1.3041)  data: 0.9924 (0.9924 -- 0.9924)  max mem: 27087
Epoch: [27]  [14/15]  eta: 0:00:00  lr: 0.000100  loss: 5709.4668 (5926.9500)  time: 0.5414 (0.4243 -- 1.3041)  data: 0.0719 (0.0000 -- 0.9924)  max mem: 27087
Epoch: [27] Total time: 0:00:08 (0.5418 s / it)
train step
Test:  [0/1]  eta: 0:00:00  loss: 2382.6125 (2382.6125)  geo_km: 201.2931 (201.2931)  time: 0.6399 (0.6399 -- 0.6399)  data: 0.5423 (0.5423 -- 0.5423)  max mem: 27087
Test: Total time: 0:00:00 (0.6404 s / it)
Test:  [0/1]  eta: 0:00:00  loss: 5637.8281 (5637.8281)  geo_km: 391.4768 (391.4768)  time: 0.7617 (0.7617 -- 0.7617)  data: 0.6465 (0.6465 -- 0.6465)  max mem: 27087
Test: Total time: 0:00:00 (0.7623 s / it)
eval step
[INFO] Best checkpoint saved at /leonardo/home/userexternal/ddarmien/Demetra/moduli/videomae/output/checkpoint-tracking-best.pth
start epoch28
Epoch: [28]  [ 0/15]  eta: 0:00:22  lr: 0.000100  loss: 6478.9941 (6478.9941)  time: 1.5298 (1.5298 -- 1.5298)  data: 1.2132 (1.2132 -- 1.2132)  max mem: 27087
Epoch: [28]  [14/15]  eta: 0:00:00  lr: 0.000100  loss: 5460.7808 (5316.3609)  time: 0.5570 (0.4855 -- 1.5298)  data: 0.0857 (0.0000 -- 1.2132)  max mem: 27087
Epoch: [28] Total time: 0:00:08 (0.5571 s / it)
train step
Test:  [0/1]  eta: 0:00:00  loss: 2295.4783 (2295.4783)  geo_km: 198.2141 (198.2141)  time: 0.6336 (0.6336 -- 0.6336)  data: 0.5366 (0.5366 -- 0.5366)  max mem: 27087
Test: Total time: 0:00:00 (0.6340 s / it)
Test:  [0/1]  eta: 0:00:00  loss: 5422.6562 (5422.6562)  geo_km: 382.9003 (382.9003)  time: 0.7322 (0.7322 -- 0.7322)  data: 0.6168 (0.6168 -- 0.6168)  max mem: 27087
Test: Total time: 0:00:00 (0.7327 s / it)
eval step
[INFO] Best checkpoint saved at /leonardo/home/userexternal/ddarmien/Demetra/moduli/videomae/output/checkpoint-tracking-best.pth
start epoch29
Epoch: [29]  [ 0/15]  eta: 0:00:25  lr: 0.000100  loss: 3874.0527 (3874.0527)  time: 1.7268 (1.7268 -- 1.7268)  data: 1.4238 (1.4238 -- 1.4238)  max mem: 27087
Epoch: [29]  [14/15]  eta: 0:00:00  lr: 0.000100  loss: 5240.0312 (5009.0252)  time: 0.5701 (0.4764 -- 1.7268)  data: 0.1012 (0.0000 -- 1.4238)  max mem: 27087
Epoch: [29] Total time: 0:00:08 (0.5702 s / it)
train step
Test:  [0/1]  eta: 0:00:00  loss: 2184.1626 (2184.1626)  geo_km: 192.9247 (192.9247)  time: 0.6497 (0.6497 -- 0.6497)  data: 0.5523 (0.5523 -- 0.5523)  max mem: 27087
Test: Total time: 0:00:00 (0.6501 s / it)
Test:  [0/1]  eta: 0:00:00  loss: 5198.6484 (5198.6484)  geo_km: 373.7751 (373.7751)  time: 0.7422 (0.7422 -- 0.7422)  data: 0.6269 (0.6269 -- 0.6269)  max mem: 27087
Test: Total time: 0:00:00 (0.7427 s / it)
eval step
[INFO] Best checkpoint saved at /leonardo/home/userexternal/ddarmien/Demetra/moduli/videomae/output/checkpoint-tracking-best.pth
start epoch30
Epoch: [30]  [ 0/15]  eta: 0:00:20  lr: 0.000100  loss: 5548.7031 (5548.7031)  time: 1.3938 (1.3938 -- 1.3938)  data: 1.0775 (1.0775 -- 1.0775)  max mem: 27087
Epoch: [30]  [14/15]  eta: 0:00:00  lr: 0.000100  loss: 5674.7871 (5320.5824)  time: 0.5479 (0.4841 -- 1.3938)  data: 0.0775 (0.0001 -- 1.0775)  max mem: 27087
Epoch: [30] Total time: 0:00:08 (0.5480 s / it)
train step
Test:  [0/1]  eta: 0:00:00  loss: 2095.4478 (2095.4478)  geo_km: 189.4914 (189.4914)  time: 0.6360 (0.6360 -- 0.6360)  data: 0.5384 (0.5384 -- 0.5384)  max mem: 27087
Test: Total time: 0:00:00 (0.6364 s / it)
Test:  [0/1]  eta: 0:00:00  loss: 4991.1226 (4991.1226)  geo_km: 365.1695 (365.1695)  time: 0.7393 (0.7393 -- 0.7393)  data: 0.6240 (0.6240 -- 0.6240)  max mem: 27087
Test: Total time: 0:00:00 (0.7398 s / it)
eval step
[INFO] Best checkpoint saved at /leonardo/home/userexternal/ddarmien/Demetra/moduli/videomae/output/checkpoint-tracking-best.pth
start epoch31
Epoch: [31]  [ 0/15]  eta: 0:00:22  lr: 0.000100  loss: 6110.7031 (6110.7031)  time: 1.4751 (1.4751 -- 1.4751)  data: 1.1736 (1.1736 -- 1.1736)  max mem: 27087
Epoch: [31]  [14/15]  eta: 0:00:00  lr: 0.000100  loss: 5176.8091 (5204.2640)  time: 0.5532 (0.4842 -- 1.4751)  data: 0.0785 (0.0000 -- 1.1736)  max mem: 27087
Epoch: [31] Total time: 0:00:08 (0.5532 s / it)
train step
Test:  [0/1]  eta: 0:00:00  loss: 1988.6383 (1988.6383)  geo_km: 183.4543 (183.4543)  time: 0.6377 (0.6377 -- 0.6377)  data: 0.5397 (0.5397 -- 0.5397)  max mem: 27087
Test: Total time: 0:00:00 (0.6382 s / it)
Test:  [0/1]  eta: 0:00:00  loss: 4780.7319 (4780.7319)  geo_km: 357.5022 (357.5022)  time: 0.7342 (0.7342 -- 0.7342)  data: 0.6190 (0.6190 -- 0.6190)  max mem: 27087
Test: Total time: 0:00:00 (0.7348 s / it)
eval step
[INFO] Best checkpoint saved at /leonardo/home/userexternal/ddarmien/Demetra/moduli/videomae/output/checkpoint-tracking-best.pth
start epoch32
Epoch: [32]  [ 0/15]  eta: 0:00:25  lr: 0.000100  loss: 5887.2402 (5887.2402)  time: 1.7010 (1.7010 -- 1.7010)  data: 1.3969 (1.3969 -- 1.3969)  max mem: 27087
Epoch: [32]  [14/15]  eta: 0:00:00  lr: 0.000100  loss: 5129.7134 (5134.0506)  time: 0.5683 (0.4852 -- 1.7010)  data: 0.0932 (0.0000 -- 1.3969)  max mem: 27087
Epoch: [32] Total time: 0:00:08 (0.5684 s / it)
train step
Test:  [0/1]  eta: 0:00:00  loss: 1923.8851 (1923.8851)  geo_km: 183.3134 (183.3134)  time: 0.6285 (0.6285 -- 0.6285)  data: 0.5317 (0.5317 -- 0.5317)  max mem: 27087
Test: Total time: 0:00:00 (0.6289 s / it)
Test:  [0/1]  eta: 0:00:00  loss: 4576.9219 (4576.9219)  geo_km: 349.1176 (349.1176)  time: 0.7435 (0.7435 -- 0.7435)  data: 0.6282 (0.6282 -- 0.6282)  max mem: 27087
Test: Total time: 0:00:00 (0.7441 s / it)
eval step
[INFO] Best checkpoint saved at /leonardo/home/userexternal/ddarmien/Demetra/moduli/videomae/output/checkpoint-tracking-best.pth
start epoch33
Epoch: [33]  [ 0/15]  eta: 0:00:31  lr: 0.000100  loss: 4868.6899 (4868.6899)  time: 2.0906 (2.0906 -- 2.0906)  data: 1.7764 (1.7764 -- 1.7764)  max mem: 27087
Epoch: [33]  [14/15]  eta: 0:00:00  lr: 0.000100  loss: 5217.0625 (5298.6885)  time: 0.5946 (0.4441 -- 2.0906)  data: 0.1185 (0.0000 -- 1.7764)  max mem: 27087
Epoch: [33] Total time: 0:00:08 (0.5947 s / it)
train step
Test:  [0/1]  eta: 0:00:00  loss: 1784.6656 (1784.6656)  geo_km: 170.3296 (170.3296)  time: 0.6423 (0.6423 -- 0.6423)  data: 0.5454 (0.5454 -- 0.5454)  max mem: 27087
Test: Total time: 0:00:00 (0.6427 s / it)
Test:  [0/1]  eta: 0:00:00  loss: 4386.9531 (4386.9531)  geo_km: 340.9557 (340.9557)  time: 0.7511 (0.7511 -- 0.7511)  data: 0.6358 (0.6358 -- 0.6358)  max mem: 27087
Test: Total time: 0:00:00 (0.7516 s / it)
eval step
[INFO] Best checkpoint saved at /leonardo/home/userexternal/ddarmien/Demetra/moduli/videomae/output/checkpoint-tracking-best.pth
start epoch34
Epoch: [34]  [ 0/15]  eta: 0:00:21  lr: 0.000100  loss: 5716.7793 (5716.7793)  time: 1.4071 (1.4071 -- 1.4071)  data: 1.0892 (1.0892 -- 1.0892)  max mem: 27087
Epoch: [34]  [14/15]  eta: 0:00:00  lr: 0.000100  loss: 4282.3574 (4213.1175)  time: 0.5482 (0.4376 -- 1.4071)  data: 0.0864 (0.0001 -- 1.0892)  max mem: 27087
Epoch: [34] Total time: 0:00:08 (0.5482 s / it)
train step
Test:  [0/1]  eta: 0:00:00  loss: 1766.3094 (1766.3094)  geo_km: 174.1523 (174.1523)  time: 0.6429 (0.6429 -- 0.6429)  data: 0.5459 (0.5459 -- 0.5459)  max mem: 27087
Test: Total time: 0:00:00 (0.6433 s / it)
Test:  [0/1]  eta: 0:00:00  loss: 4195.2842 (4195.2842)  geo_km: 332.3401 (332.3401)  time: 0.7537 (0.7537 -- 0.7537)  data: 0.6384 (0.6384 -- 0.6384)  max mem: 27087
Test: Total time: 0:00:00 (0.7542 s / it)
eval step
[INFO] Best checkpoint saved at /leonardo/home/userexternal/ddarmien/Demetra/moduli/videomae/output/checkpoint-tracking-best.pth
start epoch35
Epoch: [35]  [ 0/15]  eta: 0:00:29  lr: 0.000100  loss: 4173.4668 (4173.4668)  time: 1.9976 (1.9976 -- 1.9976)  data: 1.6838 (1.6838 -- 1.6838)  max mem: 27087
Epoch: [35]  [14/15]  eta: 0:00:00  lr: 0.000100  loss: 3932.5977 (3995.7131)  time: 0.5881 (0.4841 -- 1.9976)  data: 0.1124 (0.0000 -- 1.6838)  max mem: 27087
Epoch: [35] Total time: 0:00:08 (0.5881 s / it)
train step
Test:  [0/1]  eta: 0:00:00  loss: 1675.9945 (1675.9945)  geo_km: 169.7156 (169.7156)  time: 0.6313 (0.6313 -- 0.6313)  data: 0.5343 (0.5343 -- 0.5343)  max mem: 27087
Test: Total time: 0:00:00 (0.6318 s / it)
Test:  [0/1]  eta: 0:00:00  loss: 4009.1172 (4009.1172)  geo_km: 324.0803 (324.0803)  time: 0.7359 (0.7359 -- 0.7359)  data: 0.6206 (0.6206 -- 0.6206)  max mem: 27087
Test: Total time: 0:00:00 (0.7364 s / it)
eval step
[INFO] Best checkpoint saved at /leonardo/home/userexternal/ddarmien/Demetra/moduli/videomae/output/checkpoint-tracking-best.pth
start epoch36
Epoch: [36]  [ 0/15]  eta: 0:00:24  lr: 0.000100  loss: 2995.8984 (2995.8984)  time: 1.6450 (1.6450 -- 1.6450)  data: 1.3393 (1.3393 -- 1.3393)  max mem: 27087
Epoch: [36]  [14/15]  eta: 0:00:00  lr: 0.000100  loss: 3610.7231 (3728.9897)  time: 0.5649 (0.4371 -- 1.6450)  data: 0.0894 (0.0000 -- 1.3393)  max mem: 27087
Epoch: [36] Total time: 0:00:08 (0.5650 s / it)
train step
Test:  [0/1]  eta: 0:00:00  loss: 1542.1321 (1542.1321)  geo_km: 158.5186 (158.5186)  time: 0.6430 (0.6430 -- 0.6430)  data: 0.5456 (0.5456 -- 0.5456)  max mem: 27087
Test: Total time: 0:00:00 (0.6434 s / it)
Test:  [0/1]  eta: 0:00:00  loss: 3833.4741 (3833.4741)  geo_km: 315.4883 (315.4883)  time: 0.7511 (0.7511 -- 0.7511)  data: 0.6358 (0.6358 -- 0.6358)  max mem: 27087
Test: Total time: 0:00:00 (0.7516 s / it)
eval step
[INFO] Best checkpoint saved at /leonardo/home/userexternal/ddarmien/Demetra/moduli/videomae/output/checkpoint-tracking-best.pth
start epoch37
Epoch: [37]  [ 0/15]  eta: 0:00:26  lr: 0.000100  loss: 2619.9160 (2619.9160)  time: 1.7480 (1.7480 -- 1.7480)  data: 1.4401 (1.4401 -- 1.4401)  max mem: 27087
Epoch: [37]  [14/15]  eta: 0:00:00  lr: 0.000100  loss: 3510.6685 (3810.6529)  time: 0.5718 (0.4847 -- 1.7480)  data: 0.1057 (0.0000 -- 1.4401)  max mem: 27087
Epoch: [37] Total time: 0:00:08 (0.5718 s / it)
train step
Test:  [0/1]  eta: 0:00:00  loss: 1453.5634 (1453.5634)  geo_km: 150.4191 (150.4191)  time: 0.6364 (0.6364 -- 0.6364)  data: 0.5397 (0.5397 -- 0.5397)  max mem: 27087
Test: Total time: 0:00:00 (0.6369 s / it)
Test:  [0/1]  eta: 0:00:00  loss: 3653.4819 (3653.4819)  geo_km: 306.3463 (306.3463)  time: 0.7404 (0.7404 -- 0.7404)  data: 0.6251 (0.6251 -- 0.6251)  max mem: 27087
Test: Total time: 0:00:00 (0.7409 s / it)
eval step
[INFO] Best checkpoint saved at /leonardo/home/userexternal/ddarmien/Demetra/moduli/videomae/output/checkpoint-tracking-best.pth
start epoch38
Epoch: [38]  [ 0/15]  eta: 0:00:27  lr: 0.000100  loss: 3918.6328 (3918.6328)  time: 1.8026 (1.8026 -- 1.8026)  data: 1.4883 (1.4883 -- 1.4883)  max mem: 27087
Epoch: [38]  [14/15]  eta: 0:00:00  lr: 0.000100  loss: 3542.1211 (3558.5890)  time: 0.5758 (0.4844 -- 1.8026)  data: 0.1149 (0.0000 -- 1.4883)  max mem: 27087
Epoch: [38] Total time: 0:00:08 (0.5758 s / it)
train step
Test:  [0/1]  eta: 0:00:00  loss: 1381.2250 (1381.2250)  geo_km: 147.0594 (147.0594)  time: 0.6336 (0.6336 -- 0.6336)  data: 0.5369 (0.5369 -- 0.5369)  max mem: 27087
Test: Total time: 0:00:00 (0.6340 s / it)
Test:  [0/1]  eta: 0:00:00  loss: 3484.1277 (3484.1277)  geo_km: 298.6125 (298.6125)  time: 0.7456 (0.7456 -- 0.7456)  data: 0.6303 (0.6303 -- 0.6303)  max mem: 27087
Test: Total time: 0:00:00 (0.7461 s / it)
eval step
[INFO] Best checkpoint saved at /leonardo/home/userexternal/ddarmien/Demetra/moduli/videomae/output/checkpoint-tracking-best.pth
start epoch39
Epoch: [39]  [ 0/15]  eta: 0:00:24  lr: 0.000100  loss: 4161.7148 (4161.7148)  time: 1.6597 (1.6597 -- 1.6597)  data: 1.3554 (1.3554 -- 1.3554)  max mem: 27087
Epoch: [39]  [14/15]  eta: 0:00:00  lr: 0.000100  loss: 3749.5195 (3646.6522)  time: 0.5657 (0.4845 -- 1.6597)  data: 0.1000 (0.0000 -- 1.3554)  max mem: 27087
Epoch: [39] Total time: 0:00:08 (0.5658 s / it)
train step
Test:  [0/1]  eta: 0:00:00  loss: 1327.6125 (1327.6125)  geo_km: 148.3587 (148.3587)  time: 0.6291 (0.6291 -- 0.6291)  data: 0.5324 (0.5324 -- 0.5324)  max mem: 27087
Test: Total time: 0:00:00 (0.6296 s / it)
Test:  [0/1]  eta: 0:00:00  loss: 3320.7188 (3320.7188)  geo_km: 290.2884 (290.2884)  time: 0.7404 (0.7404 -- 0.7404)  data: 0.6252 (0.6252 -- 0.6252)  max mem: 27087
Test: Total time: 0:00:00 (0.7409 s / it)
eval step
[INFO] Best checkpoint saved at /leonardo/home/userexternal/ddarmien/Demetra/moduli/videomae/output/checkpoint-tracking-best.pth
start epoch40
Epoch: [40]  [ 0/15]  eta: 0:00:31  lr: 0.000100  loss: 2738.0996 (2738.0996)  time: 2.0812 (2.0812 -- 2.0812)  data: 1.7717 (1.7717 -- 1.7717)  max mem: 27087
Epoch: [40]  [14/15]  eta: 0:00:00  lr: 0.000100  loss: 3220.6641 (3488.8616)  time: 0.5937 (0.4841 -- 2.0812)  data: 0.1182 (0.0000 -- 1.7717)  max mem: 27087
Epoch: [40] Total time: 0:00:08 (0.5938 s / it)
train step
Test:  [0/1]  eta: 0:00:00  loss: 1237.4633 (1237.4633)  geo_km: 139.9482 (139.9482)  time: 0.6314 (0.6314 -- 0.6314)  data: 0.5348 (0.5348 -- 0.5348)  max mem: 27087
Test: Total time: 0:00:00 (0.6319 s / it)
Test:  [0/1]  eta: 0:00:00  loss: 3161.4272 (3161.4272)  geo_km: 282.6580 (282.6580)  time: 0.7404 (0.7404 -- 0.7404)  data: 0.6251 (0.6251 -- 0.6251)  max mem: 27087
Test: Total time: 0:00:00 (0.7410 s / it)
eval step
[INFO] Best checkpoint saved at /leonardo/home/userexternal/ddarmien/Demetra/moduli/videomae/output/checkpoint-tracking-best.pth
start epoch41
Epoch: [41]  [ 0/15]  eta: 0:00:29  lr: 0.000100  loss: 1868.2876 (1868.2876)  time: 1.9940 (1.9940 -- 1.9940)  data: 1.6922 (1.6922 -- 1.6922)  max mem: 27087
Epoch: [41]  [14/15]  eta: 0:00:00  lr: 0.000100  loss: 3155.6094 (3445.9068)  time: 0.5877 (0.4847 -- 1.9940)  data: 0.1129 (0.0000 -- 1.6922)  max mem: 27087
Epoch: [41] Total time: 0:00:08 (0.5878 s / it)
train step
Test:  [0/1]  eta: 0:00:00  loss: 1172.0469 (1172.0469)  geo_km: 136.0858 (136.0858)  time: 0.6296 (0.6296 -- 0.6296)  data: 0.5327 (0.5327 -- 0.5327)  max mem: 27087
Test: Total time: 0:00:00 (0.6301 s / it)
Test:  [0/1]  eta: 0:00:00  loss: 3013.9585 (3013.9585)  geo_km: 273.8746 (273.8746)  time: 0.7580 (0.7580 -- 0.7580)  data: 0.6428 (0.6428 -- 0.6428)  max mem: 27087
Test: Total time: 0:00:00 (0.7586 s / it)
eval step
[INFO] Best checkpoint saved at /leonardo/home/userexternal/ddarmien/Demetra/moduli/videomae/output/checkpoint-tracking-best.pth
start epoch42
Epoch: [42]  [ 0/15]  eta: 0:00:24  lr: 0.000100  loss: 4321.6328 (4321.6328)  time: 1.6483 (1.6483 -- 1.6483)  data: 1.3449 (1.3449 -- 1.3449)  max mem: 27087
Epoch: [42]  [14/15]  eta: 0:00:00  lr: 0.000100  loss: 3090.3750 (3172.7001)  time: 0.5649 (0.4843 -- 1.6483)  data: 0.0898 (0.0000 -- 1.3449)  max mem: 27087
Epoch: [42] Total time: 0:00:08 (0.5649 s / it)
train step
Test:  [0/1]  eta: 0:00:00  loss: 1100.6344 (1100.6344)  geo_km: 131.5549 (131.5549)  time: 0.6326 (0.6326 -- 0.6326)  data: 0.5357 (0.5357 -- 0.5357)  max mem: 27087
Test: Total time: 0:00:00 (0.6330 s / it)
Test:  [0/1]  eta: 0:00:00  loss: 2862.8230 (2862.8230)  geo_km: 265.5443 (265.5443)  time: 0.7498 (0.7498 -- 0.7498)  data: 0.6345 (0.6345 -- 0.6345)  max mem: 27087
Test: Total time: 0:00:00 (0.7504 s / it)
eval step
[INFO] Best checkpoint saved at /leonardo/home/userexternal/ddarmien/Demetra/moduli/videomae/output/checkpoint-tracking-best.pth
start epoch43
Epoch: [43]  [ 0/15]  eta: 0:00:22  lr: 0.000100  loss: 2242.9590 (2242.9590)  time: 1.5033 (1.5033 -- 1.5033)  data: 1.1942 (1.1942 -- 1.1942)  max mem: 27087
Epoch: [43]  [14/15]  eta: 0:00:00  lr: 0.000100  loss: 2958.6738 (3074.7375)  time: 0.5677 (0.4444 -- 1.5033)  data: 0.1081 (0.0001 -- 1.1942)  max mem: 27087
Epoch: [43] Total time: 0:00:08 (0.5678 s / it)
train step
Test:  [0/1]  eta: 0:00:00  loss: 1042.6469 (1042.6469)  geo_km: 131.0428 (131.0428)  time: 0.6423 (0.6423 -- 0.6423)  data: 0.5449 (0.5449 -- 0.5449)  max mem: 27087
Test: Total time: 0:00:00 (0.6427 s / it)
Test:  [0/1]  eta: 0:00:00  loss: 2723.7397 (2723.7397)  geo_km: 259.0575 (259.0575)  time: 0.7523 (0.7523 -- 0.7523)  data: 0.6369 (0.6369 -- 0.6369)  max mem: 27087
Test: Total time: 0:00:00 (0.7528 s / it)
eval step
[INFO] Best checkpoint saved at /leonardo/home/userexternal/ddarmien/Demetra/moduli/videomae/output/checkpoint-tracking-best.pth
start epoch44
Epoch: [44]  [ 0/15]  eta: 0:00:29  lr: 0.000100  loss: 4092.9766 (4092.9766)  time: 1.9473 (1.9473 -- 1.9473)  data: 1.6349 (1.6349 -- 1.6349)  max mem: 27087
Epoch: [44]  [14/15]  eta: 0:00:00  lr: 0.000100  loss: 2737.9883 (2781.1134)  time: 0.5847 (0.4846 -- 1.9473)  data: 0.1091 (0.0000 -- 1.6349)  max mem: 27087
Epoch: [44] Total time: 0:00:08 (0.5848 s / it)
train step
Test:  [0/1]  eta: 0:00:00  loss: 978.6039 (978.6039)  geo_km: 124.6537 (124.6537)  time: 0.6414 (0.6414 -- 0.6414)  data: 0.5439 (0.5439 -- 0.5439)  max mem: 27087
Test: Total time: 0:00:00 (0.6419 s / it)
Test:  [0/1]  eta: 0:00:00  loss: 2591.8022 (2591.8022)  geo_km: 250.4702 (250.4702)  time: 0.7428 (0.7428 -- 0.7428)  data: 0.6275 (0.6275 -- 0.6275)  max mem: 27087
Test: Total time: 0:00:00 (0.7433 s / it)
eval step
[INFO] Best checkpoint saved at /leonardo/home/userexternal/ddarmien/Demetra/moduli/videomae/output/checkpoint-tracking-best.pth
start epoch45
Epoch: [45]  [ 0/15]  eta: 0:00:28  lr: 0.000100  loss: 2433.8320 (2433.8320)  time: 1.9101 (1.9101 -- 1.9101)  data: 1.5985 (1.5985 -- 1.5985)  max mem: 27087
Epoch: [45]  [14/15]  eta: 0:00:00  lr: 0.000100  loss: 2795.0332 (2866.3114)  time: 0.5822 (0.4838 -- 1.9101)  data: 0.1075 (0.0000 -- 1.5985)  max mem: 27087
Epoch: [45] Total time: 0:00:08 (0.5823 s / it)
train step
Test:  [0/1]  eta: 0:00:00  loss: 928.7719 (928.7719)  geo_km: 122.5701 (122.5701)  time: 0.6683 (0.6683 -- 0.6683)  data: 0.5716 (0.5716 -- 0.5716)  max mem: 27087
Test: Total time: 0:00:00 (0.6687 s / it)
Test:  [0/1]  eta: 0:00:00  loss: 2469.2188 (2469.2188)  geo_km: 243.9203 (243.9203)  time: 0.7431 (0.7431 -- 0.7431)  data: 0.6279 (0.6279 -- 0.6279)  max mem: 27087
Test: Total time: 0:00:00 (0.7436 s / it)
eval step
[INFO] Best checkpoint saved at /leonardo/home/userexternal/ddarmien/Demetra/moduli/videomae/output/checkpoint-tracking-best.pth
start epoch46
Epoch: [46]  [ 0/15]  eta: 0:00:22  lr: 0.000100  loss: 2753.0039 (2753.0039)  time: 1.4948 (1.4948 -- 1.4948)  data: 1.1926 (1.1926 -- 1.1926)  max mem: 27087
Epoch: [46]  [14/15]  eta: 0:00:00  lr: 0.000100  loss: 2509.6426 (2575.6767)  time: 0.5548 (0.4848 -- 1.4948)  data: 0.0796 (0.0000 -- 1.1926)  max mem: 27087
Epoch: [46] Total time: 0:00:08 (0.5548 s / it)
train step
Test:  [0/1]  eta: 0:00:00  loss: 859.2188 (859.2188)  geo_km: 118.0639 (118.0640)  time: 0.6363 (0.6363 -- 0.6363)  data: 0.5396 (0.5396 -- 0.5396)  max mem: 27087
Test: Total time: 0:00:00 (0.6368 s / it)
Test:  [0/1]  eta: 0:00:00  loss: 2340.3230 (2340.3230)  geo_km: 236.5766 (236.5766)  time: 0.7448 (0.7448 -- 0.7448)  data: 0.6294 (0.6294 -- 0.6294)  max mem: 27087
Test: Total time: 0:00:00 (0.7453 s / it)
eval step
[INFO] Best checkpoint saved at /leonardo/home/userexternal/ddarmien/Demetra/moduli/videomae/output/checkpoint-tracking-best.pth
start epoch47
Epoch: [47]  [ 0/15]  eta: 0:00:29  lr: 0.000100  loss: 2928.2441 (2928.2441)  time: 1.9831 (1.9831 -- 1.9831)  data: 1.6829 (1.6829 -- 1.6829)  max mem: 27087
Epoch: [47]  [14/15]  eta: 0:00:00  lr: 0.000100  loss: 2056.2266 (2149.9815)  time: 0.5932 (0.4837 -- 1.9831)  data: 0.1312 (0.0000 -- 1.6829)  max mem: 27087
Epoch: [47] Total time: 0:00:08 (0.5932 s / it)
train step
Test:  [0/1]  eta: 0:00:00  loss: 819.4094 (819.4094)  geo_km: 115.2708 (115.2708)  time: 0.6404 (0.6404 -- 0.6404)  data: 0.5423 (0.5423 -- 0.5423)  max mem: 27087
Test: Total time: 0:00:00 (0.6409 s / it)
Test:  [0/1]  eta: 0:00:00  loss: 2218.5625 (2218.5625)  geo_km: 229.3208 (229.3208)  time: 0.7495 (0.7495 -- 0.7495)  data: 0.6343 (0.6343 -- 0.6343)  max mem: 27087
Test: Total time: 0:00:00 (0.7500 s / it)
eval step
[INFO] Best checkpoint saved at /leonardo/home/userexternal/ddarmien/Demetra/moduli/videomae/output/checkpoint-tracking-best.pth
start epoch48
Epoch: [48]  [ 0/15]  eta: 0:00:23  lr: 0.000100  loss: 1915.3984 (1915.3984)  time: 1.5978 (1.5978 -- 1.5978)  data: 1.2812 (1.2812 -- 1.2812)  max mem: 27087
Epoch: [48]  [14/15]  eta: 0:00:00  lr: 0.000100  loss: 2125.0391 (2377.1289)  time: 0.5620 (0.4857 -- 1.5978)  data: 0.0855 (0.0000 -- 1.2812)  max mem: 27087
Epoch: [48] Total time: 0:00:08 (0.5621 s / it)
train step
Test:  [0/1]  eta: 0:00:00  loss: 774.3758 (774.3758)  geo_km: 113.9801 (113.9801)  time: 0.6412 (0.6412 -- 0.6412)  data: 0.5438 (0.5438 -- 0.5438)  max mem: 27087
Test: Total time: 0:00:00 (0.6417 s / it)
Test:  [0/1]  eta: 0:00:00  loss: 2105.7188 (2105.7188)  geo_km: 221.5269 (221.5269)  time: 0.7475 (0.7475 -- 0.7475)  data: 0.6323 (0.6323 -- 0.6323)  max mem: 27087
Test: Total time: 0:00:00 (0.7480 s / it)
eval step
[INFO] Best checkpoint saved at /leonardo/home/userexternal/ddarmien/Demetra/moduli/videomae/output/checkpoint-tracking-best.pth
start epoch49
Epoch: [49]  [ 0/15]  eta: 0:00:26  lr: 0.000100  loss: 2689.4609 (2689.4609)  time: 1.7612 (1.7612 -- 1.7612)  data: 1.4450 (1.4450 -- 1.4450)  max mem: 27087
Epoch: [49]  [14/15]  eta: 0:00:00  lr: 0.000100  loss: 2273.3193 (2234.2398)  time: 0.5731 (0.4370 -- 1.7612)  data: 0.0965 (0.0001 -- 1.4450)  max mem: 27087
Epoch: [49] Total time: 0:00:08 (0.5732 s / it)
train step
Test:  [0/1]  eta: 0:00:00  loss: 723.9852 (723.9852)  geo_km: 109.3082 (109.3082)  time: 0.6417 (0.6417 -- 0.6417)  data: 0.5450 (0.5450 -- 0.5450)  max mem: 27087
Test: Total time: 0:00:00 (0.6422 s / it)
Test:  [0/1]  eta: 0:00:00  loss: 2004.0312 (2004.0312)  geo_km: 213.9016 (213.9016)  time: 0.7484 (0.7484 -- 0.7484)  data: 0.6331 (0.6331 -- 0.6331)  max mem: 27087
Test: Total time: 0:00:00 (0.7490 s / it)
eval step
[INFO] Best checkpoint saved at /leonardo/home/userexternal/ddarmien/Demetra/moduli/videomae/output/checkpoint-tracking-best.pth
start epoch50
Epoch: [50]  [ 0/15]  eta: 0:00:22  lr: 0.000100  loss: 1977.9023 (1977.9023)  time: 1.4977 (1.4977 -- 1.4977)  data: 1.1868 (1.1868 -- 1.1868)  max mem: 27087
Epoch: [50]  [14/15]  eta: 0:00:00  lr: 0.000100  loss: 2228.6348 (2264.7547)  time: 0.5784 (0.4850 -- 1.4977)  data: 0.1159 (0.0000 -- 1.1868)  max mem: 27087
Epoch: [50] Total time: 0:00:08 (0.5785 s / it)
train step
Test:  [0/1]  eta: 0:00:00  loss: 672.0789 (672.0789)  geo_km: 105.2963 (105.2963)  time: 0.6232 (0.6232 -- 0.6232)  data: 0.5265 (0.5265 -- 0.5265)  max mem: 27087
Test: Total time: 0:00:00 (0.6237 s / it)
Test:  [0/1]  eta: 0:00:00  loss: 1908.0521 (1908.0521)  geo_km: 207.5385 (207.5385)  time: 0.7321 (0.7321 -- 0.7321)  data: 0.6169 (0.6169 -- 0.6169)  max mem: 27087
Test: Total time: 0:00:00 (0.7326 s / it)
eval step
[INFO] Best checkpoint saved at /leonardo/home/userexternal/ddarmien/Demetra/moduli/videomae/output/checkpoint-tracking-best.pth
start epoch51
Epoch: [51]  [ 0/15]  eta: 0:00:21  lr: 0.000100  loss: 2039.0898 (2039.0898)  time: 1.4575 (1.4575 -- 1.4575)  data: 1.1463 (1.1463 -- 1.1463)  max mem: 27087
Epoch: [51]  [14/15]  eta: 0:00:00  lr: 0.000100  loss: 1943.0552 (1916.4797)  time: 0.5521 (0.4846 -- 1.4575)  data: 0.0765 (0.0000 -- 1.1463)  max mem: 27087
Epoch: [51] Total time: 0:00:08 (0.5522 s / it)
train step
Test:  [0/1]  eta: 0:00:00  loss: 617.7094 (617.7094)  geo_km: 99.0772 (99.0772)  time: 0.6429 (0.6429 -- 0.6429)  data: 0.5452 (0.5452 -- 0.5452)  max mem: 27087
Test: Total time: 0:00:00 (0.6433 s / it)
Test:  [0/1]  eta: 0:00:00  loss: 1811.8438 (1811.8438)  geo_km: 199.6465 (199.6465)  time: 0.7422 (0.7422 -- 0.7422)  data: 0.6269 (0.6269 -- 0.6269)  max mem: 27087
Test: Total time: 0:00:00 (0.7427 s / it)
eval step
[INFO] Best checkpoint saved at /leonardo/home/userexternal/ddarmien/Demetra/moduli/videomae/output/checkpoint-tracking-best.pth
start epoch52
Epoch: [52]  [ 0/15]  eta: 0:00:24  lr: 0.000100  loss: 1478.6621 (1478.6621)  time: 1.6317 (1.6317 -- 1.6317)  data: 1.3127 (1.3127 -- 1.3127)  max mem: 27087
Epoch: [52]  [14/15]  eta: 0:00:00  lr: 0.000100  loss: 1815.0343 (1916.5773)  time: 0.5643 (0.4852 -- 1.6317)  data: 0.0876 (0.0000 -- 1.3127)  max mem: 27087
Epoch: [52] Total time: 0:00:08 (0.5644 s / it)
train step
Test:  [0/1]  eta: 0:00:00  loss: 591.3688 (591.3688)  geo_km: 99.9852 (99.9852)  time: 0.6363 (0.6363 -- 0.6363)  data: 0.5387 (0.5387 -- 0.5387)  max mem: 27087
Test: Total time: 0:00:00 (0.6368 s / it)
Test:  [0/1]  eta: 0:00:00  loss: 1725.5730 (1725.5730)  geo_km: 193.5721 (193.5721)  time: 0.7423 (0.7423 -- 0.7423)  data: 0.6269 (0.6269 -- 0.6269)  max mem: 27087
Test: Total time: 0:00:00 (0.7428 s / it)
eval step
[INFO] Best checkpoint saved at /leonardo/home/userexternal/ddarmien/Demetra/moduli/videomae/output/checkpoint-tracking-best.pth
start epoch53
Epoch: [53]  [ 0/15]  eta: 0:00:28  lr: 0.000100  loss: 1155.9023 (1155.9023)  time: 1.8803 (1.8803 -- 1.8803)  data: 1.5783 (1.5783 -- 1.5783)  max mem: 27087
Epoch: [53]  [14/15]  eta: 0:00:00  lr: 0.000100  loss: 1849.0117 (1766.6849)  time: 0.5805 (0.4847 -- 1.8803)  data: 0.1053 (0.0000 -- 1.5783)  max mem: 27087
Epoch: [53] Total time: 0:00:08 (0.5805 s / it)
train step
Test:  [0/1]  eta: 0:00:00  loss: 542.2344 (542.2344)  geo_km: 95.7966 (95.7966)  time: 0.6335 (0.6335 -- 0.6335)  data: 0.5368 (0.5368 -- 0.5368)  max mem: 27087
Test: Total time: 0:00:00 (0.6339 s / it)
Test:  [0/1]  eta: 0:00:00  loss: 1644.6042 (1644.6042)  geo_km: 188.2115 (188.2115)  time: 0.7463 (0.7463 -- 0.7463)  data: 0.6311 (0.6311 -- 0.6311)  max mem: 27087
Test: Total time: 0:00:00 (0.7468 s / it)
eval step
[INFO] Best checkpoint saved at /leonardo/home/userexternal/ddarmien/Demetra/moduli/videomae/output/checkpoint-tracking-best.pth
start epoch54
Epoch: [54]  [ 0/15]  eta: 0:00:26  lr: 0.000100  loss: 1579.9380 (1579.9380)  time: 1.7574 (1.7574 -- 1.7574)  data: 1.4474 (1.4474 -- 1.4474)  max mem: 27087
Epoch: [54]  [14/15]  eta: 0:00:00  lr: 0.000100  loss: 1579.9380 (1563.0061)  time: 0.5729 (0.4490 -- 1.7574)  data: 0.0966 (0.0000 -- 1.4474)  max mem: 27087
Epoch: [54] Total time: 0:00:08 (0.5730 s / it)
train step
Test:  [0/1]  eta: 0:00:00  loss: 519.4508 (519.4508)  geo_km: 94.9258 (94.9258)  time: 0.6446 (0.6446 -- 0.6446)  data: 0.5478 (0.5478 -- 0.5478)  max mem: 27087
Test: Total time: 0:00:00 (0.6451 s / it)
Test:  [0/1]  eta: 0:00:00  loss: 1549.3542 (1549.3542)  geo_km: 179.3408 (179.3408)  time: 0.7468 (0.7468 -- 0.7468)  data: 0.6315 (0.6315 -- 0.6315)  max mem: 27087
Test: Total time: 0:00:00 (0.7473 s / it)
eval step
[INFO] Best checkpoint saved at /leonardo/home/userexternal/ddarmien/Demetra/moduli/videomae/output/checkpoint-tracking-best.pth
start epoch55
Epoch: [55]  [ 0/15]  eta: 0:00:23  lr: 0.000100  loss: 1098.2247 (1098.2247)  time: 1.5719 (1.5719 -- 1.5719)  data: 1.2711 (1.2711 -- 1.2711)  max mem: 27087
Epoch: [55]  [14/15]  eta: 0:00:00  lr: 0.000100  loss: 1766.6152 (1699.8463)  time: 0.5615 (0.4841 -- 1.5719)  data: 0.0848 (0.0000 -- 1.2711)  max mem: 27087
Epoch: [55] Total time: 0:00:08 (0.5616 s / it)
train step
Test:  [0/1]  eta: 0:00:00  loss: 479.5094 (479.5094)  geo_km: 91.0222 (91.0222)  time: 0.6454 (0.6454 -- 0.6454)  data: 0.5488 (0.5488 -- 0.5488)  max mem: 27087
Test: Total time: 0:00:00 (0.6458 s / it)
Test:  [0/1]  eta: 0:00:00  loss: 1505.7917 (1505.7917)  geo_km: 179.1325 (179.1325)  time: 0.7307 (0.7307 -- 0.7307)  data: 0.6153 (0.6153 -- 0.6153)  max mem: 27087
Test: Total time: 0:00:00 (0.7312 s / it)
eval step
[INFO] Best checkpoint saved at /leonardo/home/userexternal/ddarmien/Demetra/moduli/videomae/output/checkpoint-tracking-best.pth
start epoch56
Epoch: [56]  [ 0/15]  eta: 0:00:27  lr: 0.000100  loss: 1605.8164 (1605.8164)  time: 1.8025 (1.8025 -- 1.8025)  data: 1.4859 (1.4859 -- 1.4859)  max mem: 27087
Epoch: [56]  [14/15]  eta: 0:00:00  lr: 0.000100  loss: 1758.3359 (1709.5058)  time: 0.5769 (0.4447 -- 1.8025)  data: 0.0992 (0.0000 -- 1.4859)  max mem: 27087
Epoch: [56] Total time: 0:00:08 (0.5770 s / it)
train step
Test:  [0/1]  eta: 0:00:00  loss: 440.7133 (440.7133)  geo_km: 86.1758 (86.1758)  time: 0.6432 (0.6432 -- 0.6432)  data: 0.5462 (0.5462 -- 0.5462)  max mem: 27087
Test: Total time: 0:00:00 (0.6436 s / it)
Test:  [0/1]  eta: 0:00:00  loss: 1422.1459 (1422.1459)  geo_km: 170.6445 (170.6445)  time: 0.7470 (0.7470 -- 0.7470)  data: 0.6317 (0.6317 -- 0.6317)  max mem: 27087
Test: Total time: 0:00:00 (0.7475 s / it)
eval step
[INFO] Best checkpoint saved at /leonardo/home/userexternal/ddarmien/Demetra/moduli/videomae/output/checkpoint-tracking-best.pth
start epoch57
Epoch: [57]  [ 0/15]  eta: 0:00:21  lr: 0.000100  loss: 1078.0703 (1078.0703)  time: 1.4656 (1.4656 -- 1.4656)  data: 1.1380 (1.1380 -- 1.1380)  max mem: 27087
Epoch: [57]  [14/15]  eta: 0:00:00  lr: 0.000100  loss: 1438.2441 (1586.5930)  time: 0.5537 (0.4859 -- 1.4656)  data: 0.0760 (0.0000 -- 1.1380)  max mem: 27087
Epoch: [57] Total time: 0:00:08 (0.5537 s / it)
train step
Test:  [0/1]  eta: 0:00:00  loss: 433.7352 (433.7352)  geo_km: 90.5092 (90.5092)  time: 0.6325 (0.6325 -- 0.6325)  data: 0.5346 (0.5346 -- 0.5346)  max mem: 27087
Test: Total time: 0:00:00 (0.6329 s / it)
Test:  [0/1]  eta: 0:00:00  loss: 1352.8125 (1352.8125)  geo_km: 165.0314 (165.0314)  time: 0.7459 (0.7459 -- 0.7459)  data: 0.6306 (0.6306 -- 0.6306)  max mem: 27087
Test: Total time: 0:00:00 (0.7464 s / it)
eval step
[INFO] Best checkpoint saved at /leonardo/home/userexternal/ddarmien/Demetra/moduli/videomae/output/checkpoint-tracking-best.pth
start epoch58
Epoch: [58]  [ 0/15]  eta: 0:00:28  lr: 0.000100  loss: 1115.2559 (1115.2559)  time: 1.9248 (1.9248 -- 1.9248)  data: 1.6231 (1.6231 -- 1.6231)  max mem: 27087
